// Jest Snapshot v1, https://goo.gl/fbAQLP

exports[`renders Road Map button correctly 1`] = `
<a
  className="small:w-20 small:h-20 w-36 h-32 medium:w-32 medium:h-28 pt-9 medium:pt-7 small:pt-4 shadow-md bg-white rounded-lg hover:scale-105 hover:shadow-lg"
  href="https://roadmap.sh/frontend"
  rel="noreferrer"
  target="_blank"
>
  <svg
    className="w-7 medium:w-6 small:w-4 mx-auto mb-1"
    fill="#EC7063"
    viewBox="0 0 384 512"
    xmlns="http://www.w3.org/2000/svg"
  >
    <path
      d="M0 32l34.9 395.8L191.5 480l157.6-52.2L384 32H0zm308.2 127.9H124.4l4.1 49.4h175.6l-13.6 148.4-97.9 27v.3h-1.1l-98.7-27.3-6-75.8h47.7L138 320l53.5 14.5 53.7-14.5 6-62.2H84.3L71.5 112.2h241.1l-4.4 47.7z"
    />
  </svg>
  <p
    className="text-center text-lg medium:text-base small:text-sm"
  >
    Frontend
  </p>
</a>
`;
