// Jest Snapshot v1, https://goo.gl/fbAQLP

exports[`renders FilterResults Component correctly 1`] = `
<div
  className="bg-gray-100 w-full ml-5"
>
  <div
    className="flex justify-between"
  >
    <h2
      className="ml-5 mt-5 text-lg"
    >
       
      Total
       
      <span
        className="text-accent mr-1 font-semibold"
      />
      Results
    </h2>
    <div
      className="relative inline-block text-left"
      data-headlessui-state=""
      data-testid="filter-button"
    >
      <div>
        <button
          aria-expanded={false}
          aria-haspopup={true}
          className="rounded-full bg-gray-300 mr-5 mt-5 pl-5 pr-5 text-lg duration-500 hover:bg-accent"
          data-headlessui-state=""
          data-testid="filter-botton-toggle"
          id="headlessui-menu-button-:r0:"
          onClick={[Function]}
          onKeyDown={[Function]}
          onKeyUp={[Function]}
          type="button"
        >
           
          Sort results by
        </button>
      </div>
    </div>
  </div>
</div>
`;
