// Jest Snapshot v1, https://goo.gl/fbAQLP

exports[`renders correctly when the component matches the snapshot 1`] = `
<div
  className="bg-gray-50 pt-1 pb-0"
>
  <h1
    className="text-2xl text-left ml-48 mt-24 small:ml-16 medium:ml-24"
  >
    basic-info
  </h1>
  <form
    action="#"
    method="POST"
  >
    <div
      className=" flex justify-center	pb-20 	 overflow-hidden  sm:rounded-md"
    >
      <div
        className="w-3/4		 px-4 py-5 sm:p-6"
      >
        <div
          className="grid grid-cols-9 gap-6"
        >
          <div
            className="col-span-6 sm:col-span-3"
          >
            <label
              className="block text-sm font-medium text-gray-700"
              htmlFor="first-name"
            >
              first-Name
            </label>
            <input
              autoComplete="given-name"
              className="h-9 mt-1 block w-full rounded-md border-gray-300 shadow-sm focus:border-indigo-500 focus:ring-indigo-500 sm:text-sm"
              id="first-name"
              name="first-name"
              placeholder="First name"
              type="text"
            />
          </div>
          <div
            className="col-span-6 sm:col-span-3"
          >
            <label
              className="block text-sm font-medium text-gray-700"
              htmlFor="last-name"
            >
              last-name
            </label>
            <input
              autoComplete="family-name"
              className="h-9 mt-1 block w-full rounded-md border-gray-300 shadow-sm focus:border-indigo-500 focus:ring-indigo-500 sm:text-sm"
              id="last-name"
              name="last-name"
              placeholder="Last name"
              type="text"
            />
          </div>
          <div
            className="col-span-6 sm:col-span-3"
          >
            <label
              className="block text-sm font-medium text-gray-700"
              htmlFor="Title"
            >
              title
            </label>
            <input
              autoComplete="given-name"
              className="h-9 mt-1 block w-full rounded-md border-gray-300 shadow-sm focus:border-indigo-500 focus:ring-indigo-500 sm:text-sm"
              id="Title"
              name="Title"
              type="text"
            />
          </div>
          <div
            className="col-span-6 sm:col-span-9 "
          >
            <label
              className="block text-left text-sm font-medium text-gray-700"
              htmlFor="Biography"
            >
              biography
            </label>
            <textarea
              className=" h-24 w-full mt-1 block rounded-md border-gray-300 shadow-sm focus:border-indigo-500 focus:ring-indigo-500 sm:text-sm"
              id="Biography"
              name="Biography"
              type="text"
            />
          </div>
        </div>
      </div>
    </div>
  </form>
</div>
`;
