// Jest Snapshot v1, https://goo.gl/fbAQLP

exports[`renders correctly when the component matches the snapshot 1`] = `
<div
  className="App  bg-gray-200  flex-col justify-around  py-[50px]  "
>
  <div
    className="flex  flex-col"
  >
    <div>
      <h1
        className="text-3xl font-medium text-dark-gray leading-loose "
      >
         
        Jobs Finder
      </h1>
      <p
        className="decoration-solid pt-0 text-dark-gray leading-loose"
      >
         
        Find the best job for you here
      </p>
    </div>
    <div
      className=" flex-col mt-2"
    >
      <form
        onSubmit={[Function]}
      >
        <input
          className="rounded-3xl px-6 py-2 outline-none relative md:left-8"
          onChange={[Function]}
          placeholder="Type to search "
          type="search"
          value=""
        />
        <button
          className="py-2 bg-accent px-5 rounded-3xl text-white relative   hover:bg-red-500 "
          type="submit"
        >
           
          Search
        </button>
      </form>
    </div>
  </div>
</div>
`;
