// Jest Snapshot v1, https://goo.gl/fbAQLP

exports[`renders correctly when the component matches the snapshot 1`] = `
<div
  className="my-20 flex justify-center gap-x-20 flex-wrap w-screen "
>
  <div
    className="w-96 small:w-80 px-11 py-9 mb-20 flex flex-col justify-between content-start  shadow-[2px_7px_7px_5px_rgba(83,83,83,0.3)] rounded-lg bg-light-gray text-gray-800 text-left leading-8  "
  >
    <div>
      <h1
        className="mb-5 font-semibold text-3xl small:text-lg medium:text-2xl large:text-3xl "
      >
        Full Time Jobs
      </h1>
      <p
        className="small:text-sm"
      >
        if you are set on your career and want to work full time, then a full time job is just the one for you, clicking here will show you all the current full time jobs in our platform
      </p>
      <button
        className="mt-5 font-semibold text-lg small:text-base"
        type="button"
      >
        Full time jobs &gt;
      </button>
    </div>
  </div>
  <div
    className="w-96 small:w-80 px-11 py-9 mb-20 flex flex-col justify-between content-start  shadow-[2px_7px_7px_5px_rgba(83,83,83,0.3)] rounded-lg bg-light-gray text-gray-800 text-left leading-8  "
  >
    <div>
      <h1
        className="mb-5 font-semibold text-3xl small:text-lg medium:text-2xl large:text-3xl "
      >
        Part Time Jobs
      </h1>
      <p
        className="small:text-sm"
      >
        if you are set on your career and want to work full time, then a full time job is just the one for you, clicking here will show you all the current full time jobs in our platform
      </p>
      <button
        className="mt-5 font-semibold text-lg small:text-base"
        type="button"
      >
        Part Time jobs &gt;
      </button>
    </div>
  </div>
  <div
    className="w-96 small:w-80 px-11 py-9 mb-20 flex flex-col justify-between content-start  shadow-[2px_7px_7px_5px_rgba(83,83,83,0.3)] rounded-lg bg-light-gray text-gray-800 text-left leading-8  "
  >
    <div>
      <h1
        className="mb-5 font-semibold text-3xl small:text-lg medium:text-2xl large:text-3xl "
      >
        Remote Jobs
      </h1>
      <p
        className="small:text-sm"
      >
         you are set on your career and want to work remotes, then a remotes job is just the one for you,  clicking here will show you all the current remotes jobs in our platform
      </p>
      <button
        className="mt-5 font-semibold text-lg small:text-base"
        type="button"
      >
        Remote jobs &gt;
      </button>
    </div>
  </div>
</div>
`;
